
============================================================
[TEST] 历史风险服务单元测试套件
============================================================

开始执行：基本功能测试

============================================================
测试 1：历史风险服务基本功能
============================================================
python : Traceback (most r
ecent call last):
所在位置 行:1 字符: 1
+ python test_history_risk
.py > test_output.txt 2>&1
; Get-Content test_ ...
+ ~~~~~~~~~~~~~~~~~~~~~~~~
~~~~~~~~~~~~~~~~~~~~~~~~~~
    + CategoryInfo        
      : NotSpecified: (T  
  raceback (most recent   
  call last)::String)     
[], RemoteException
    + FullyQualifiedError 
   Id : NativeCommandErr  
  or
 
  File "C:\Users\User\Docu
ments\xx_IndexAnalyse\test
_history_risk.py", line 20
, in test_history_service
    from analyzer import M
icroCapAnalyzer
  File "C:\Users\User\Docu
ments\xx_IndexAnalyse\web\
backend\analyzer.py", line
 6, in <module>
    from .utils.factor_dat
a_service import get_facto
r_service
ImportError: attempted rel
ative import with no known
 parent package

During handling of the abo
ve exception, another exce
ption occurred:

Traceback (most recent cal
l last):
  File "C:\Users\User\Docu
ments\xx_IndexAnalyse\test
_history_risk.py", line 22
6, in <module>
    success = main()
  File "C:\Users\User\Docu
ments\xx_IndexAnalyse\test
_history_risk.py", line 20
0, in main
    result = test_func()
  File "C:\Users\User\Docu
ments\xx_IndexAnalyse\test
_history_risk.py", line 86
, in test_history_service
    print(f"\u274c 测试失败：{e
}")
    ~~~~~^^^^^^^^^^^^^^^^^
^^^^
UnicodeEncodeError: 'gbk' 
codec can't encode charact
er '\u274c' in position 0:
 illegal multibyte sequenc
e
